../Drivers/CMSIS/Include/core_cm4.h:1684:22:__NVIC_EnableIRQ	16	static,ignoring_inline_asm
../Core/Src/main.c:160:5:main	8	static
../Core/Src/main.c:313:6:SystemClock_Config	88	static
../Core/Src/main.c:360:13:MX_CAN1_Init	8	static
../Core/Src/main.c:397:13:MX_I2C1_Init	8	static
../Core/Src/main.c:445:13:MX_TIM1_Init	80	static
../Core/Src/main.c:510:13:MX_TIM2_Init	32	static
../Core/Src/main.c:555:13:MX_TIM3_Init	48	static
../Core/Src/main.c:604:13:MX_USART1_UART_Init	8	static
../Core/Src/main.c:637:13:MX_USART2_UART_Init	8	static
../Core/Src/main.c:670:13:MX_USART3_UART_Init	8	static
../Core/Src/main.c:703:13:MX_GPIO_Init	24	static
../Core/Src/main.c:723:6:USART1_IRQHandler	16	static
../Core/Src/main.c:754:6:parse_angles	24	static
../Core/Src/main.c:1011:6:Error_Handler	4	static,ignoring_inline_asm
