../Core/Src/pwm_controller.c:109:6:Servo_Init	16	static
../Core/Src/pwm_controller.c:190:6:Servo_SendPacket	24	static
../Core/Src/pwm_controller.c:205:6:Servo_SetPosition	24	static
../Core/Src/pwm_controller.c:219:6:Servo_SetSpeed	24	static
../Core/Src/pwm_controller.c:234:6:Servo_ActionGroup_Stop	16	static
../Core/Src/pwm_controller.c:252:10:AngleToPulse	16	static
../Core/Src/pwm_controller.c:261:9:PulseToAngle	16	static
../Core/Src/pwm_controller.c:268:6:Move_Servos	24	static
../Core/Src/pwm_controller.c:283:6:StepForward	8	static
../Core/Src/pwm_controller.c:369:6:go_back	8	static
../Core/Src/pwm_controller.c:407:6:get_up	8	static
../Core/Src/pwm_controller.c:445:6:lay_down	8	static
../Core/Src/pwm_controller.c:480:6:turnRight	8	static
../Core/Src/pwm_controller.c:509:6:turnLeft	8	static
../Core/Src/pwm_controller.c:537:6:toNeutral	8	static
